// Jest Snapshot v1, https://goo.gl/fbAQLP

exports[`Testing Product Grid Component Rendering Product Grid Component should render properly 1`] = `
<div
  className="product-grid"
/>
`;
